S(
  Block(
    [DefStmt(
       ({name=("var", ()); attrs=[]; tparams=[]; 
         info={id_resolved=Ref(Some((Local, 1))); 
               id_type=Ref(Some(TyName(
                                  (("String", ()),
                                   {name_qualifier=Some([]); 
                                    name_typeargs=None; }))));
               id_const_literal=Ref(None); };
         },
        VarDef(
          {vinit=Some(L(Int(("1", ())))); 
           vtype=Some(TyName(
                        (("String", ()),
                         {name_qualifier=Some([]); name_typeargs=None; })));
           })))]))
==>
Ss(
  [Instr(
     Assign({base=Var((("var", ()), 1)); offset=NoOffset; },
       Literal(Int(("1", ())))))])
